<!DOCTYPE html>
<html lang="en">

<head>
    <meta charset="UTF-8">
    <meta name="viewport" content="width=device-width, initial-scale=1.0">
    <title>Document</title>
    <link rel="stylesheet" href="../css/index.css">
</head>

<body>
    <div class="container-fuild">
        <div class="banner">
            <div class="bg"></div>
            <div class="content">
                Youtube Lun Dev!
            </div>
        </div>
        <div class="asd" style="height: 100vh; width: 100px;"></div>
    </div>

</body>



</html>